// Jest Snapshot v1, https://goo.gl/fbAQLP

exports[`renders without crashing 1`] = `
ReactShallowRenderer {
  "_context": Object {},
  "_element": <UserInfo
    user={
      Object {
        "contributors_enabled": false,
        "created_at": "Fri Aug 10 15:14:11 +0000 2007",
        "default_profile": false,
        "default_profile_image": false,
        "description": "Noticias de Argentina y el mundo las 24 horas. Información de último momento, opinión, análisis e informes especiales.",
        "entities": Object {
          "description": Object {
            "urls": Array [],
          },
          "url": Object {
            "urls": Array [
              Object {
                "display_url": "clarin.com",
                "expanded_url": "http://www.clarin.com",
                "indices": Array [
                  0,
                  22,
                ],
                "url": "http://t.co/1RuczZo0FK",
              },
            ],
          },
        },
        "favourites_count": 391,
        "follow_request_sent": false,
        "followers_count": 2810171,
        "following": true,
        "friends_count": 265,
        "geo_enabled": true,
        "has_extended_profile": false,
        "id": 8105922,
        "id_str": "8105922",
        "is_translation_enabled": true,
        "is_translator": false,
        "lang": "es",
        "listed_count": 10833,
        "location": "Buenos Aires, Argentina",
        "name": "Clarín",
        "notifications": false,
        "profile_background_color": "131516",
        "profile_background_image_url": "http://abs.twimg.com/images/themes/theme14/bg.gif",
        "profile_background_image_url_https": "https://abs.twimg.com/images/themes/theme14/bg.gif",
        "profile_background_tile": true,
        "profile_banner_url": "https://pbs.twimg.com/profile_banners/8105922/1544741225",
        "profile_image_url": "http://pbs.twimg.com/profile_images/1053387941752369152/r4pGBF3K_normal.jpg",
        "profile_image_url_https": "https://pbs.twimg.com/profile_images/1053387941752369152/r4pGBF3K_normal.jpg",
        "profile_link_color": "FF0324",
        "profile_location": null,
        "profile_sidebar_border_color": "FFFFFF",
        "profile_sidebar_fill_color": "EFEFEF",
        "profile_text_color": "333333",
        "profile_use_background_image": true,
        "protected": false,
        "screen_name": "clarincom",
        "status": Object {
          "contributors": null,
          "coordinates": null,
          "created_at": "Thu Dec 20 17:06:00 +0000 2018",
          "entities": Object {
            "hashtags": Array [],
            "media": Array [
              Object {
                "display_url": "pic.twitter.com/pliMCVpKd6",
                "expanded_url": "https://twitter.com/clarincom/status/1075799489686974467/photo/1",
                "id": 1075799486948098000,
                "id_str": "1075799486948098054",
                "indices": Array [
                  102,
                  125,
                ],
                "media_url": "http://pbs.twimg.com/media/Du4B7v0WwAYZ4qc.jpg",
                "media_url_https": "https://pbs.twimg.com/media/Du4B7v0WwAYZ4qc.jpg",
                "sizes": Object {
                  "large": Object {
                    "h": 630,
                    "resize": "fit",
                    "w": 1200,
                  },
                  "medium": Object {
                    "h": 630,
                    "resize": "fit",
                    "w": 1200,
                  },
                  "small": Object {
                    "h": 357,
                    "resize": "fit",
                    "w": 680,
                  },
                  "thumb": Object {
                    "h": 150,
                    "resize": "crop",
                    "w": 150,
                  },
                },
                "type": "photo",
                "url": "https://t.co/pliMCVpKd6",
              },
            ],
            "symbols": Array [],
            "urls": Array [
              Object {
                "display_url": "clarin.com/policiales/ata…",
                "expanded_url": "https://www.clarin.com/policiales/atacaron-balazos-concejo-deliberante-rosario-mafia-jode_0_t9aX8sX08.html?utm_term=Autofeed&utm_medium=Social&utm_source=Twitter#Echobox=1545324824",
                "indices": Array [
                  78,
                  101,
                ],
                "url": "https://t.co/B8NZ861uoF",
              },
            ],
            "user_mentions": Array [],
          },
          "extended_entities": Object {
            "media": Array [
              Object {
                "display_url": "pic.twitter.com/pliMCVpKd6",
                "expanded_url": "https://twitter.com/clarincom/status/1075799489686974467/photo/1",
                "id": 1075799486948098000,
                "id_str": "1075799486948098054",
                "indices": Array [
                  102,
                  125,
                ],
                "media_url": "http://pbs.twimg.com/media/Du4B7v0WwAYZ4qc.jpg",
                "media_url_https": "https://pbs.twimg.com/media/Du4B7v0WwAYZ4qc.jpg",
                "sizes": Object {
                  "large": Object {
                    "h": 630,
                    "resize": "fit",
                    "w": 1200,
                  },
                  "medium": Object {
                    "h": 630,
                    "resize": "fit",
                    "w": 1200,
                  },
                  "small": Object {
                    "h": 357,
                    "resize": "fit",
                    "w": 680,
                  },
                  "thumb": Object {
                    "h": 150,
                    "resize": "crop",
                    "w": 150,
                  },
                },
                "type": "photo",
                "url": "https://t.co/pliMCVpKd6",
              },
            ],
          },
          "favorite_count": 4,
          "favorited": false,
          "geo": null,
          "id": 1075799489686974500,
          "id_str": "1075799489686974467",
          "in_reply_to_screen_name": null,
          "in_reply_to_status_id": null,
          "in_reply_to_status_id_str": null,
          "in_reply_to_user_id": null,
          "in_reply_to_user_id_str": null,
          "is_quote_status": false,
          "lang": "es",
          "place": null,
          "possibly_sensitive": false,
          "retweet_count": 1,
          "retweeted": false,
          "source": "<a href=\\"https://www.echobox.com\\" rel=\\"nofollow\\">Echobox Social</a>",
          "text": "Atacaron a balazos el Concejo Municipal de Rosario: \\"Con la mafia no se jode\\" https://t.co/B8NZ861uoF https://t.co/pliMCVpKd6",
          "truncated": false,
        },
        "statuses_count": 301743,
        "time_zone": null,
        "translator_type": "none",
        "url": "http://t.co/1RuczZo0FK",
        "utc_offset": null,
        "verified": true,
      }
    }
  />,
  "_forcedUpdate": false,
  "_instance": UserInfo {
    "context": Object {},
    "props": Object {
      "user": Object {
        "contributors_enabled": false,
        "created_at": "Fri Aug 10 15:14:11 +0000 2007",
        "default_profile": false,
        "default_profile_image": false,
        "description": "Noticias de Argentina y el mundo las 24 horas. Información de último momento, opinión, análisis e informes especiales.",
        "entities": Object {
          "description": Object {
            "urls": Array [],
          },
          "url": Object {
            "urls": Array [
              Object {
                "display_url": "clarin.com",
                "expanded_url": "http://www.clarin.com",
                "indices": Array [
                  0,
                  22,
                ],
                "url": "http://t.co/1RuczZo0FK",
              },
            ],
          },
        },
        "favourites_count": 391,
        "follow_request_sent": false,
        "followers_count": 2810171,
        "following": true,
        "friends_count": 265,
        "geo_enabled": true,
        "has_extended_profile": false,
        "id": 8105922,
        "id_str": "8105922",
        "is_translation_enabled": true,
        "is_translator": false,
        "lang": "es",
        "listed_count": 10833,
        "location": "Buenos Aires, Argentina",
        "name": "Clarín",
        "notifications": false,
        "profile_background_color": "131516",
        "profile_background_image_url": "http://abs.twimg.com/images/themes/theme14/bg.gif",
        "profile_background_image_url_https": "https://abs.twimg.com/images/themes/theme14/bg.gif",
        "profile_background_tile": true,
        "profile_banner_url": "https://pbs.twimg.com/profile_banners/8105922/1544741225",
        "profile_image_url": "http://pbs.twimg.com/profile_images/1053387941752369152/r4pGBF3K_normal.jpg",
        "profile_image_url_https": "https://pbs.twimg.com/profile_images/1053387941752369152/r4pGBF3K_normal.jpg",
        "profile_link_color": "FF0324",
        "profile_location": null,
        "profile_sidebar_border_color": "FFFFFF",
        "profile_sidebar_fill_color": "EFEFEF",
        "profile_text_color": "333333",
        "profile_use_background_image": true,
        "protected": false,
        "screen_name": "clarincom",
        "status": Object {
          "contributors": null,
          "coordinates": null,
          "created_at": "Thu Dec 20 17:06:00 +0000 2018",
          "entities": Object {
            "hashtags": Array [],
            "media": Array [
              Object {
                "display_url": "pic.twitter.com/pliMCVpKd6",
                "expanded_url": "https://twitter.com/clarincom/status/1075799489686974467/photo/1",
                "id": 1075799486948098000,
                "id_str": "1075799486948098054",
                "indices": Array [
                  102,
                  125,
                ],
                "media_url": "http://pbs.twimg.com/media/Du4B7v0WwAYZ4qc.jpg",
                "media_url_https": "https://pbs.twimg.com/media/Du4B7v0WwAYZ4qc.jpg",
                "sizes": Object {
                  "large": Object {
                    "h": 630,
                    "resize": "fit",
                    "w": 1200,
                  },
                  "medium": Object {
                    "h": 630,
                    "resize": "fit",
                    "w": 1200,
                  },
                  "small": Object {
                    "h": 357,
                    "resize": "fit",
                    "w": 680,
                  },
                  "thumb": Object {
                    "h": 150,
                    "resize": "crop",
                    "w": 150,
                  },
                },
                "type": "photo",
                "url": "https://t.co/pliMCVpKd6",
              },
            ],
            "symbols": Array [],
            "urls": Array [
              Object {
                "display_url": "clarin.com/policiales/ata…",
                "expanded_url": "https://www.clarin.com/policiales/atacaron-balazos-concejo-deliberante-rosario-mafia-jode_0_t9aX8sX08.html?utm_term=Autofeed&utm_medium=Social&utm_source=Twitter#Echobox=1545324824",
                "indices": Array [
                  78,
                  101,
                ],
                "url": "https://t.co/B8NZ861uoF",
              },
            ],
            "user_mentions": Array [],
          },
          "extended_entities": Object {
            "media": Array [
              Object {
                "display_url": "pic.twitter.com/pliMCVpKd6",
                "expanded_url": "https://twitter.com/clarincom/status/1075799489686974467/photo/1",
                "id": 1075799486948098000,
                "id_str": "1075799486948098054",
                "indices": Array [
                  102,
                  125,
                ],
                "media_url": "http://pbs.twimg.com/media/Du4B7v0WwAYZ4qc.jpg",
                "media_url_https": "https://pbs.twimg.com/media/Du4B7v0WwAYZ4qc.jpg",
                "sizes": Object {
                  "large": Object {
                    "h": 630,
                    "resize": "fit",
                    "w": 1200,
                  },
                  "medium": Object {
                    "h": 630,
                    "resize": "fit",
                    "w": 1200,
                  },
                  "small": Object {
                    "h": 357,
                    "resize": "fit",
                    "w": 680,
                  },
                  "thumb": Object {
                    "h": 150,
                    "resize": "crop",
                    "w": 150,
                  },
                },
                "type": "photo",
                "url": "https://t.co/pliMCVpKd6",
              },
            ],
          },
          "favorite_count": 4,
          "favorited": false,
          "geo": null,
          "id": 1075799489686974500,
          "id_str": "1075799489686974467",
          "in_reply_to_screen_name": null,
          "in_reply_to_status_id": null,
          "in_reply_to_status_id_str": null,
          "in_reply_to_user_id": null,
          "in_reply_to_user_id_str": null,
          "is_quote_status": false,
          "lang": "es",
          "place": null,
          "possibly_sensitive": false,
          "retweet_count": 1,
          "retweeted": false,
          "source": "<a href=\\"https://www.echobox.com\\" rel=\\"nofollow\\">Echobox Social</a>",
          "text": "Atacaron a balazos el Concejo Municipal de Rosario: \\"Con la mafia no se jode\\" https://t.co/B8NZ861uoF https://t.co/pliMCVpKd6",
          "truncated": false,
        },
        "statuses_count": 301743,
        "time_zone": null,
        "translator_type": "none",
        "url": "http://t.co/1RuczZo0FK",
        "utc_offset": null,
        "verified": true,
      },
    },
    "refs": Object {},
    "state": null,
    "updater": Updater {
      "_callbacks": Array [],
      "_renderer": [Circular],
    },
  },
  "_newState": null,
  "_rendered": <Component
    style={
      Object {
        "backgroundColor": "white",
        "borderBottomColor": "#AAA",
        "borderBottomWidth": 0.5,
        "flex": 1,
      }
    }
  >
    <Component
      style={
        Object {
          "flex": 22,
        }
      }
    >
      <Image
        source={
          Object {
            "uri": "https://pbs.twimg.com/profile_banners/8105922/1544741225",
          }
        }
        style={
          Object {
            "height": 296.44444444444446,
            "width": 750,
          }
        }
      />
    </Component>
    <Component
      style={
        Object {
          "flex": 20,
          "flexDirection": "row",
          "marginLeft": 11.538461538461538,
        }
      }
    >
      <Component>
        <Styled(Thumbnail)
          large={true}
          source={
            Object {
              "uri": "http://pbs.twimg.com/profile_images/1053387941752369152/r4pGBF3K_normal.jpg",
            }
          }
          style={
            Object {
              "borderColor": "white",
              "borderWidth": 3,
            }
          }
          virtual={undefined}
        />
      </Component>
      <Component
        style={
          Object {
            "marginLeft": 34.09090909090909,
            "marginTop": 75,
          }
        }
      >
        <Text
          accessible={true}
          allowFontScaling={true}
          ellipsizeMode="tail"
          style={
            Object {
              "fontSize": 41.666666666666664,
              "fontWeight": "bold",
            }
          }
        >
          Clarín
        </Text>
        <Text
          accessible={true}
          allowFontScaling={true}
          ellipsizeMode="tail"
          style={
            Object {
              "color": "#9c9c9c",
            }
          }
        >
          @todonoticias
        </Text>
      </Component>
    </Component>
    <Component
      style={
        Object {
          "flex": 35,
          "marginLeft": 25,
        }
      }
    >
      <Component
        style={
          Object {
            "marginTop": 13.636363636363637,
          }
        }
      >
        <Text
          accessible={true}
          allowFontScaling={true}
          ellipsizeMode="tail"
          style={
            Object {
              "color": "#5D5D5D",
              "fontSize": 28.846153846153847,
              "fontWeight": "400",
            }
          }
        >
          Noticias de Argentina y el mundo las 24 horas. Información de último momento, opinión, análisis e informes especiales.
        </Text>
      </Component>
      <Component
        style={
          Object {
            "flexDirection": "row",
            "marginTop": 5,
          }
        }
      >
        <Component />
        <TouchableOpacity
          activeOpacity={0.2}
          onPress={[Function]}
        >
          <Text
            accessible={true}
            allowFontScaling={true}
            ellipsizeMode="tail"
            style={
              Object {
                "color": "blue",
              }
            }
          >
            <Styled(Icon)
              name="link"
              type="EvilIcons"
              virtual={undefined}
            />
             
            http://t.co/1RuczZo0FK
          </Text>
        </TouchableOpacity>
      </Component>
      <Component
        style={
          Object {
            "flexDirection": "row",
            "marginTop": 5,
          }
        }
      >
        <Text
          accessible={true}
          allowFontScaling={true}
          ellipsizeMode="tail"
          style={
            Object {
              "color": "#989898",
              "fontSize": 26.785714285714285,
            }
          }
        >
          <Styled(Icon)
            name="calendar"
            type="EvilIcons"
            virtual={undefined}
          />
          Se unio el: 
          10 Aug 2007
        </Text>
      </Component>
      <Component
        style={
          Object {
            "flexDirection": "row",
            "marginTop": 5,
          }
        }
      >
        <Text
          accessible={true}
          allowFontScaling={true}
          ellipsizeMode="tail"
          style={
            Object {
              "color": "#989898",
              "fontSize": 26.785714285714285,
            }
          }
        >
           
          <Styled(Icon)
            name="user-following"
            style={
              Object {
                "fontSize": 20,
              }
            }
            type="SimpleLineIcons"
            virtual={undefined}
          />
          <Text
            accessible={true}
            allowFontScaling={true}
            ellipsizeMode="tail"
          >
              
            265
              
          </Text>
          Siguiendo 
        </Text>
        <Text
          accessible={true}
          allowFontScaling={true}
          ellipsizeMode="tail"
          style={
            Object {
              "color": "#989898",
              "fontSize": 26.785714285714285,
            }
          }
        >
          <Styled(Icon)
            name="check"
            type="EvilIcons"
            virtual={undefined}
          />
          <Text
            accessible={true}
            allowFontScaling={true}
            ellipsizeMode="tail"
          >
              
            2810171
              
          </Text>
          Seguidores
        </Text>
      </Component>
    </Component>
  </Component>,
  "_rendering": false,
  "_updater": Updater {
    "_callbacks": Array [],
    "_renderer": [Circular],
  },
}
`;
