// Jest Snapshot v1, https://goo.gl/fbAQLP

exports[`renders activity indicator 1`] = `
<Component
  style={
    Object {
      "alignItems": "center",
      "backgroundColor": "#fff",
      "flex": 1,
      "justifyContent": "center",
    }
  }
>
  <ActivityIndicator
    animating={true}
    color="#999999"
    hidesWhenStopped={true}
    size="small"
  />
</Component>
`;

exports[`renders connected to redux 1`] = `
<UserProfileScreen
  data={Array []}
  error={null}
  fetchSingleTweetBegin={[Function]}
  loadingInfo={false}
  loadingTimeline={false}
  store={
    Object {
      "@@observable": [Function],
      "dispatch": [Function],
      "getState": [Function],
      "replaceReducer": [Function],
      "subscribe": [Function],
    }
  }
  storeSubscription={
    Subscription {
      "listeners": Object {
        "clear": [Function],
        "get": [Function],
        "notify": [Function],
        "subscribe": [Function],
      },
      "onStateChange": [Function],
      "parentSub": undefined,
      "store": Object {
        "@@observable": [Function],
        "dispatch": [Function],
        "getState": [Function],
        "replaceReducer": [Function],
        "subscribe": [Function],
      },
      "unsubscribe": [Function],
    }
  }
  userData={Object {}}
/>
`;

exports[`renders without crashing 1`] = `
<ScrollView
  style={
    Object {
      "backgroundColor": "#F5F5F5",
      "flex": 1,
    }
  }
>
  <Component
    style={
      Object {
        "flex": 65,
      }
    }
  >
    <UserInfo
      user={
        Object {
          "contributors_enabled": false,
          "created_at": "Fri Aug 10 15:14:11 +0000 2007",
          "default_profile": false,
          "default_profile_image": false,
          "description": "Noticias de Argentina y el mundo las 24 horas. Información de último momento, opinión, análisis e informes especiales.",
          "entities": Object {
            "description": Object {
              "urls": Array [],
            },
            "url": Object {
              "urls": Array [
                Object {
                  "display_url": "clarin.com",
                  "expanded_url": "http://www.clarin.com",
                  "indices": Array [
                    0,
                    22,
                  ],
                  "url": "http://t.co/1RuczZo0FK",
                },
              ],
            },
          },
          "favourites_count": 391,
          "follow_request_sent": false,
          "followers_count": 2810171,
          "following": true,
          "friends_count": 265,
          "geo_enabled": true,
          "has_extended_profile": false,
          "id": 8105922,
          "id_str": "8105922",
          "is_translation_enabled": true,
          "is_translator": false,
          "lang": "es",
          "listed_count": 10833,
          "location": "Buenos Aires, Argentina",
          "name": "Clarín",
          "notifications": false,
          "profile_background_color": "131516",
          "profile_background_image_url": "http://abs.twimg.com/images/themes/theme14/bg.gif",
          "profile_background_image_url_https": "https://abs.twimg.com/images/themes/theme14/bg.gif",
          "profile_background_tile": true,
          "profile_banner_url": "https://pbs.twimg.com/profile_banners/8105922/1544741225",
          "profile_image_url": "http://pbs.twimg.com/profile_images/1053387941752369152/r4pGBF3K_normal.jpg",
          "profile_image_url_https": "https://pbs.twimg.com/profile_images/1053387941752369152/r4pGBF3K_normal.jpg",
          "profile_link_color": "FF0324",
          "profile_location": null,
          "profile_sidebar_border_color": "FFFFFF",
          "profile_sidebar_fill_color": "EFEFEF",
          "profile_text_color": "333333",
          "profile_use_background_image": true,
          "protected": false,
          "screen_name": "clarincom",
          "status": Object {
            "contributors": null,
            "coordinates": null,
            "created_at": "Thu Dec 20 17:06:00 +0000 2018",
            "entities": Object {
              "hashtags": Array [],
              "media": Array [
                Object {
                  "display_url": "pic.twitter.com/pliMCVpKd6",
                  "expanded_url": "https://twitter.com/clarincom/status/1075799489686974467/photo/1",
                  "id": 1075799486948098000,
                  "id_str": "1075799486948098054",
                  "indices": Array [
                    102,
                    125,
                  ],
                  "media_url": "http://pbs.twimg.com/media/Du4B7v0WwAYZ4qc.jpg",
                  "media_url_https": "https://pbs.twimg.com/media/Du4B7v0WwAYZ4qc.jpg",
                  "sizes": Object {
                    "large": Object {
                      "h": 630,
                      "resize": "fit",
                      "w": 1200,
                    },
                    "medium": Object {
                      "h": 630,
                      "resize": "fit",
                      "w": 1200,
                    },
                    "small": Object {
                      "h": 357,
                      "resize": "fit",
                      "w": 680,
                    },
                    "thumb": Object {
                      "h": 150,
                      "resize": "crop",
                      "w": 150,
                    },
                  },
                  "type": "photo",
                  "url": "https://t.co/pliMCVpKd6",
                },
              ],
              "symbols": Array [],
              "urls": Array [
                Object {
                  "display_url": "clarin.com/policiales/ata…",
                  "expanded_url": "https://www.clarin.com/policiales/atacaron-balazos-concejo-deliberante-rosario-mafia-jode_0_t9aX8sX08.html?utm_term=Autofeed&utm_medium=Social&utm_source=Twitter#Echobox=1545324824",
                  "indices": Array [
                    78,
                    101,
                  ],
                  "url": "https://t.co/B8NZ861uoF",
                },
              ],
              "user_mentions": Array [],
            },
            "extended_entities": Object {
              "media": Array [
                Object {
                  "display_url": "pic.twitter.com/pliMCVpKd6",
                  "expanded_url": "https://twitter.com/clarincom/status/1075799489686974467/photo/1",
                  "id": 1075799486948098000,
                  "id_str": "1075799486948098054",
                  "indices": Array [
                    102,
                    125,
                  ],
                  "media_url": "http://pbs.twimg.com/media/Du4B7v0WwAYZ4qc.jpg",
                  "media_url_https": "https://pbs.twimg.com/media/Du4B7v0WwAYZ4qc.jpg",
                  "sizes": Object {
                    "large": Object {
                      "h": 630,
                      "resize": "fit",
                      "w": 1200,
                    },
                    "medium": Object {
                      "h": 630,
                      "resize": "fit",
                      "w": 1200,
                    },
                    "small": Object {
                      "h": 357,
                      "resize": "fit",
                      "w": 680,
                    },
                    "thumb": Object {
                      "h": 150,
                      "resize": "crop",
                      "w": 150,
                    },
                  },
                  "type": "photo",
                  "url": "https://t.co/pliMCVpKd6",
                },
              ],
            },
            "favorite_count": 4,
            "favorited": false,
            "geo": null,
            "id": 1075799489686974500,
            "id_str": "1075799489686974467",
            "in_reply_to_screen_name": null,
            "in_reply_to_status_id": null,
            "in_reply_to_status_id_str": null,
            "in_reply_to_user_id": null,
            "in_reply_to_user_id_str": null,
            "is_quote_status": false,
            "lang": "es",
            "place": null,
            "possibly_sensitive": false,
            "retweet_count": 1,
            "retweeted": false,
            "source": "<a href=\\"https://www.echobox.com\\" rel=\\"nofollow\\">Echobox Social</a>",
            "text": "Atacaron a balazos el Concejo Municipal de Rosario: \\"Con la mafia no se jode\\" https://t.co/B8NZ861uoF https://t.co/pliMCVpKd6",
            "truncated": false,
          },
          "statuses_count": 301743,
          "time_zone": null,
          "translator_type": "none",
          "url": "http://t.co/1RuczZo0FK",
          "utc_offset": null,
          "verified": true,
        }
      }
    />
  </Component>
  <Component
    style={
      Object {
        "flex": 35,
      }
    }
  >
    <FlatList
      disableVirtualization={false}
      horizontal={false}
      initialNumToRender={10}
      keyExtractor={[Function]}
      maxToRenderPerBatch={10}
      numColumns={1}
      onEndReachedThreshold={2}
      renderItem={[Function]}
      scrollEventThrottle={50}
      updateCellsBatchingPeriod={50}
      windowSize={21}
    />
  </Component>
</ScrollView>
`;
