// Jest Snapshot v1, https://goo.gl/fbAQLP

exports[`renders loaded tweet 1`] = `
<TouchableOpacity
  activeOpacity={0.2}
  onPress={[Function]}
>
  <Component
    style={
      Array [
        Object {
          "borderBottomWidth": 1,
          "borderColor": "#D5D5D5",
          "flex": 1,
          "flexDirection": "row",
        },
      ]
    }
  >
    <TouchableOpacity
      activeOpacity={0.2}
      onPress={[Function]}
    >
      <Component
        style={
          Array [
            Object {
              "flex": 0.9,
              "flexDirection": "column",
              "justifyContent": "flex-start",
              "padding": 12.5,
            },
          ]
        }
      >
        <Styled(Thumbnail)
          small={true}
          source={
            Object {
              "uri": "https://pbs.twimg.com/profile_images/1053387941752369152/r4pGBF3K_normal.jpg",
            }
          }
        />
      </Component>
    </TouchableOpacity>
    <Component
      style={
        Array [
          Object {
            "flex": 6.8,
            "flexDirection": "column",
            "justifyContent": "flex-start",
            "marginLeft": 0,
            "paddingLeft": 0,
            "paddingRight": 18.75,
          },
        ]
      }
    >
      <Component
        style={
          Array [
            Object {
              "flex": 1,
              "flexDirection": "row",
              "justifyContent": "flex-start",
              "paddingBottom": 12.5,
              "paddingTop": 12.5,
            },
          ]
        }
      >
        <Styled(Text)
          style={
            Array [
              Object {
                "color": "#040404",
                "fontSize": 31.25,
                "fontWeight": "bold",
              },
            ]
          }
        >
           
          Clarín
           
        </Styled(Text)>
        <Styled(Text)
          style={
            Array [
              Object {
                "color": "#D5D5D5",
                "fontSize": 31.25,
              },
            ]
          }
        >
           @
          clarincom
           - 
           
        </Styled(Text)>
      </Component>
      <Component
        style={
          Array [
            Object {
              "flex": 1,
              "flexDirection": "row",
              "justifyContent": "flex-start",
            },
          ]
        }
      >
        <Styled(Text)
          style={
            Array [
              Object {
                "color": "#5D5D5D",
                "fontSize": 26.785714285714285,
              },
            ]
          }
        >
           
          Detuvieron a un cura en San Pedro: lo acusan de abusar de nenes de un jardín de infantes https://t.co/Cqm0vehy5P https://t.co/OLSi1XswSf
           
        </Styled(Text)>
      </Component>
      <Component
        style={
          Array [
            Object {
              "alignSelf": "center",
              "flex": 1,
              "flexDirection": "row",
              "paddingBottom": 9.375,
              "paddingTop": 9.375,
            },
            Object {
              "marginRight": 50,
            },
          ]
        }
      >
        <Image
          small={true}
          source={
            Object {
              "uri": "https://pbs.twimg.com/media/DtqVRn_XgAAVAHD.jpg",
            }
          }
          style={
            Array [
              Object {
                "borderRadius": 20,
                "flex": 1,
                "flexDirection": "row",
                "height": 250,
              },
            ]
          }
        />
      </Component>
      <Component
        style={
          Array [
            Object {
              "flex": 1,
              "flexDirection": "row",
              "marginLeft": 0,
              "marginRight": 15,
              "paddingBottom": 9.375,
              "paddingLeft": 0,
              "paddingTop": 9.375,
            },
          ]
        }
      >
        <Styled(Button)
          iconLeft={true}
          primary={true}
          style={
            Array [
              Object {
                "margin": 0,
                "padding": 0,
              },
            ]
          }
          transparent={true}
        >
          <Styled(Icon)
            name="heart"
            style={
              Array [
                Object {
                  "color": "#909090",
                  "fontSize": 37.5,
                  "marginLeft": 0,
                  "paddingLeft": 0,
                },
              ]
            }
            type="SimpleLineIcons"
          />
          <Styled(Text)
            style={
              Array [
                Object {
                  "color": "#5D5D5D",
                  "fontSize": 26.785714285714285,
                  "marginRight": 16.666666666666668,
                },
              ]
            }
          >
            26
          </Styled(Text)>
        </Styled(Button)>
        <Styled(Button)
          iconLeft={true}
          primary={true}
          style={
            Array [
              Object {
                "margin": 0,
                "padding": 0,
              },
            ]
          }
          transparent={true}
        >
          <Styled(Icon)
            name="refresh"
            style={
              Array [
                Object {
                  "color": "#909090",
                  "fontSize": 37.5,
                  "marginLeft": 0,
                  "paddingLeft": 0,
                },
              ]
            }
            type="SimpleLineIcons"
          />
          <Styled(Text)
            style={
              Array [
                Object {
                  "color": "#5D5D5D",
                  "fontSize": 26.785714285714285,
                  "marginRight": 16.666666666666668,
                },
              ]
            }
          >
            14
          </Styled(Text)>
        </Styled(Button)>
        <Styled(Button)
          iconLeft={true}
          primary={true}
          style={
            Array [
              Object {
                "margin": 0,
                "padding": 0,
              },
            ]
          }
          transparent={true}
        >
          <Styled(Icon)
            name="bubble"
            style={
              Array [
                Object {
                  "color": "#909090",
                  "fontSize": 37.5,
                  "marginLeft": 0,
                  "paddingLeft": 0,
                },
              ]
            }
            type="SimpleLineIcons"
          />
          <Styled(Text)
            style={
              Array [
                Object {
                  "color": "#5D5D5D",
                  "fontSize": 26.785714285714285,
                  "marginRight": 16.666666666666668,
                },
              ]
            }
          />
        </Styled(Button)>
      </Component>
    </Component>
  </Component>
</TouchableOpacity>
`;

exports[`renders without crashing 1`] = `<AppLoading />`;
